../Core/Src/main.c:86:6:microDelay	16	static
../Core/Src/main.c:92:9:DHT11_Start	32	static
../Core/Src/main.c:123:9:DHT11_Read	16	static
../Core/Src/main.c:149:6:UART_Send	16	static
../Core/Src/main.c:155:6:UART_Receive	8	static
../Core/Src/main.c:161:6:ProcessReceivedData	8	static
../Core/Src/main.c:171:6:ARM_Process	80	static
../Core/Src/main.c:281:6:Set_Servo_Angle	32	static
../Core/Src/main.c:290:6:HAL_UART_RxCpltCallback	16	static
../Core/Src/main.c:318:5:main	16	static
../Core/Src/main.c:412:6:SystemClock_Config	72	static
../Core/Src/main.c:452:13:MX_I2C1_Init	8	static
../Core/Src/main.c:486:13:MX_TIM2_Init	64	static
../Core/Src/main.c:553:13:MX_TIM3_Init	64	static
../Core/Src/main.c:612:13:MX_USART1_UART_Init	8	static
../Core/Src/main.c:645:13:MX_GPIO_Init	40	static
../Core/Src/main.c:684:6:Error_Handler	4	static,ignoring_inline_asm
